Connect 4
  1) Create a new game
  2) Join a game
  3) Load a game
> Game ID? >
Current Game
---------------------
GameID: 0

 0 1 2 3 4 5 6
|.|.|.|.|.|.|.|
|.|.|.|.|.|.|.|
|.|.|.|.|.|.|.|
|.|.|.|.|.|.|.|
|.|.|.|.|.|.|.|
|.|.|.|.|.|.|.|

waiting for other player...

Current Game
---------------------
GameID: 0

 0 1 2 3 4 5 6
|.|.|.|.|.|.|.|
|.|.|.|.|.|.|.|
|.|.|.|.|.|.|.|
|.|.|.|.|.|.|.|
|.|.|.|.|.|.|.|
|.|X|.|.|.|.|.|


Input Move Row: > 
Current Game
---------------------
GameID: 0

 0 1 2 3 4 5 6
|.|.|.|.|.|.|.|
|.|.|.|.|.|.|.|
|.|.|.|.|.|.|.|
|.|.|.|.|.|.|.|
|.|.|.|.|.|.|.|
|.|X|O|.|.|.|.|

waiting for other player...

Current Game
---------------------
GameID: 0

 0 1 2 3 4 5 6
|.|.|.|.|.|.|.|
|.|.|.|.|.|.|.|
|.|.|.|.|.|.|.|
|.|.|.|.|.|.|.|
|.|.|X|.|.|.|.|
|.|X|O|.|.|.|.|


Input Move Row: > 
Current Game
---------------------
GameID: 0

 0 1 2 3 4 5 6
|.|.|.|.|.|.|.|
|.|.|.|.|.|.|.|
|.|.|.|.|.|.|.|
|.|.|.|.|.|.|.|
|.|.|X|.|.|.|.|
|.|X|O|O|.|.|.|

waiting for other player...

Current Game
---------------------
GameID: 0

 0 1 2 3 4 5 6
|.|.|.|.|.|.|.|
|.|.|.|.|.|.|.|
|.|.|.|.|.|.|.|
|.|.|.|.|.|.|.|
|.|.|X|.|.|.|.|
|.|X|O|O|X|.|.|


Input Move Row: > 
Current Game
---------------------
GameID: 0

 0 1 2 3 4 5 6
|.|.|.|.|.|.|.|
|.|.|.|.|.|.|.|
|.|.|.|.|.|.|.|
|.|.|.|.|.|.|.|
|.|.|X|O|.|.|.|
|.|X|O|O|X|.|.|

waiting for other player...

Current Game
---------------------
GameID: 0

 0 1 2 3 4 5 6
|.|.|.|.|.|.|.|
|.|.|.|.|.|.|.|
|.|.|.|.|.|.|.|
|.|.|.|X|.|.|.|
|.|.|X|O|.|.|.|
|.|X|O|O|X|.|.|


Input Move Row: > 
Current Game
---------------------
GameID: 0

 0 1 2 3 4 5 6
|.|.|.|.|.|.|.|
|.|.|.|.|.|.|.|
|.|.|.|.|.|.|.|
|.|.|.|X|.|.|.|
|.|.|X|O|O|.|.|
|.|X|O|O|X|.|.|

waiting for other player...

Current Game
---------------------
GameID: 0

 0 1 2 3 4 5 6
|.|.|.|.|.|.|.|
|.|.|.|.|.|.|.|
|.|.|.|.|.|.|.|
|.|.|.|X|.|.|.|
|.|.|X|O|O|.|.|
|.|X|O|O|X|X|.|


Input Move Row: > 
Current Game
---------------------
GameID: 0

 0 1 2 3 4 5 6
|.|.|.|.|.|.|.|
|.|.|.|.|.|.|.|
|.|.|.|.|.|.|.|
|.|.|.|X|O|.|.|
|.|.|X|O|O|.|.|
|.|X|O|O|X|X|.|

waiting for other player...

Current Game
---------------------
GameID: 0

 0 1 2 3 4 5 6
|.|.|.|.|.|.|.|
|.|.|.|.|.|.|.|
|.|.|.|.|X|.|.|
|.|.|.|X|O|.|.|
|.|.|X|O|O|.|.|
|.|X|O|O|X|X|.|

YOU LOSE!
