Connect 4
  1) Create a new game
  2) Join a game
  3) Load a game
> Game ID? >
Current Game
---------------------
GameID: 0

 0 1 2 3 4 5 6
|.|.|.|.|.|.|.|
|.|.|.|.|.|.|.|
|.|.|.|.|.|.|.|
|.|.|.|.|.|.|.|
|.|.|.|.|.|.|.|
|.|.|.|.|.|.|.|

waiting for other player...

Current Game
---------------------
GameID: 0

 0 1 2 3 4 5 6
|.|.|.|.|.|.|.|
|.|.|.|.|.|.|.|
|.|.|.|.|.|.|.|
|.|.|.|.|.|.|.|
|.|.|.|.|.|.|.|
|.|X|.|.|.|.|.|


Input Move Row: > 
Current Game
---------------------
GameID: 0

 0 1 2 3 4 5 6
|.|.|.|.|.|.|.|
|.|.|.|.|.|.|.|
|.|.|.|.|.|.|.|
|.|.|.|.|.|.|.|
|.|.|.|.|.|.|.|
|.|X|.|O|.|.|.|

waiting for other player...

Current Game
---------------------
GameID: 0

 0 1 2 3 4 5 6
|.|.|.|.|.|.|.|
|.|.|.|.|.|.|.|
|.|.|.|.|.|.|.|
|.|.|.|.|.|.|.|
|.|.|.|.|.|.|.|
|.|X|.|O|.|.|X|


Input Move Row: > 
Current Game
---------------------
GameID: 0

 0 1 2 3 4 5 6
|.|.|.|.|.|.|.|
|.|.|.|.|.|.|.|
|.|.|.|.|.|.|.|
|.|.|.|.|.|.|.|
|.|.|.|O|.|.|.|
|.|X|.|O|.|.|X|

waiting for other player...

Current Game
---------------------
GameID: 0

 0 1 2 3 4 5 6
|.|.|.|.|.|.|.|
|.|.|.|.|.|.|.|
|.|.|.|.|.|.|.|
|.|.|.|.|.|.|.|
|.|X|.|O|.|.|.|
|.|X|.|O|.|.|X|


Input Move Row: > 
Current Game
---------------------
GameID: 0

 0 1 2 3 4 5 6
|.|.|.|.|.|.|.|
|.|.|.|.|.|.|.|
|.|.|.|.|.|.|.|
|.|.|.|O|.|.|.|
|.|X|.|O|.|.|.|
|.|X|.|O|.|.|X|

waiting for other player...

Current Game
---------------------
GameID: 0

 0 1 2 3 4 5 6
|.|.|.|.|.|.|.|
|.|.|.|.|.|.|.|
|.|.|.|.|.|.|.|
|.|.|.|O|.|.|.|
|.|X|.|O|.|.|X|
|.|X|.|O|.|.|X|


Input Move Row: > 
Current Game
---------------------
GameID: 0

 0 1 2 3 4 5 6
|.|.|.|.|.|.|.|
|.|.|.|.|.|.|.|
|.|.|.|O|.|.|.|
|.|.|.|O|.|.|.|
|.|X|.|O|.|.|X|
|.|X|.|O|.|.|X|

YOU WIN!
